This is XeTeX, Version 3.141592653-2.6-0.999997 (TeX Live 2025) (preloaded format=xelatex 2025.9.25)  27 SEP 2025 23:27
entering extended mode
 restricted \write18 enabled.
 %&-line parsing enabled.
**report2_gabystrov.tex
(./report2_gabystrov.tex
LaTeX2e <2025-06-01> patch level 1
L3 programming layer <2025-09-02>
(c:/texlive/2025/texmf-dist/tex/latex/base/article.cls
Document Class: article 2025/01/22 v1.4n Standard LaTeX document class
(c:/texlive/2025/texmf-dist/tex/latex/base/size10.clo
File: size10.clo 2025/01/22 v1.4n Standard LaTeX file (size option)
)
\c@part=\count271
\c@section=\count272
\c@subsection=\count273
\c@subsubsection=\count274
\c@paragraph=\count275
\c@subparagraph=\count276
\c@figure=\count277
\c@table=\count278
\abovecaptionskip=\skip49
\belowcaptionskip=\skip50
\bibindent=\dimen148
)
(c:/texlive/2025/texmf-dist/tex/latex/polyglossia/polyglossia.sty
Package: polyglossia 2025/09/22 v2.8 Modern multilingual typesetting with XeLaT
eX and LuaLaTeX

(c:/texlive/2025/texmf-dist/tex/latex/etoolbox/etoolbox.sty
Package: etoolbox 2025/02/11 v2.5l e-TeX tools for LaTeX (JAW)
\etb@tempcnta=\count279
)
(c:/texlive/2025/texmf-dist/tex/latex/fontspec/fontspec.sty
(c:/texlive/2025/texmf-dist/tex/latex/l3packages/xparse/xparse.sty
(c:/texlive/2025/texmf-dist/tex/latex/l3kernel/expl3.sty
Package: expl3 2025-09-02 L3 programming layer (loader) 

(c:/texlive/2025/texmf-dist/tex/latex/l3backend/l3backend-xetex.def
File: l3backend-xetex.def 2025-06-09 L3 backend support: XeTeX
\g__graphics_track_int=\count280
\g__pdfannot_backend_int=\count281
\g__pdfannot_backend_link_int=\count282
))
Package: xparse 2024-08-16 L3 Experimental document command parser
)
Package: fontspec 2024/05/11 v2.9e Font selection for XeLaTeX and LuaLaTeX

(c:/texlive/2025/texmf-dist/tex/latex/fontspec/fontspec-xetex.sty
Package: fontspec-xetex 2024/05/11 v2.9e Font selection for XeLaTeX and LuaLaTe
X
\l__fontspec_script_int=\count283
\l__fontspec_language_int=\count284
\l__fontspec_strnum_int=\count285
\l__fontspec_tmp_int=\count286
\l__fontspec_tmpa_int=\count287
\l__fontspec_tmpb_int=\count288
\l__fontspec_tmpc_int=\count289
\l__fontspec_em_int=\count290
\l__fontspec_emdef_int=\count291
\l__fontspec_strong_int=\count292
\l__fontspec_strongdef_int=\count293
\l__fontspec_tmpa_dim=\dimen149
\l__fontspec_tmpb_dim=\dimen150
\l__fontspec_tmpc_dim=\dimen151

(c:/texlive/2025/texmf-dist/tex/latex/base/fontenc.sty
Package: fontenc 2024/12/21 v2.1c Standard LaTeX package
)
(c:/texlive/2025/texmf-dist/tex/latex/fontspec/fontspec.cfg)))
(c:/texlive/2025/texmf-dist/tex/generic/iftex/iftex.sty
Package: iftex 2024/12/12 v1.0g TeX engine tests
)
\l_xpg_alias_keyvals_int=\count294

(c:/texlive/2025/texmf-dist/tex/latex/polyglossia/gloss-latex.ldf
File: gloss-latex.ldf polyglossia: module for default language
))
(c:/texlive/2025/texmf-dist/tex/latex/polyglossia/gloss-russian.ldf
File: gloss-russian.ldf polyglossia: module for Russian

(c:/texlive/2025/texmf-dist/tex/latex/polyglossia/xpg-cyrillicnumbers.sty
Package: xpg-cyrillicnumbers 2019/11/15 v0.2 Formatting of Cyrillic alphabetic 
numbers
)
(c:/texlive/2025/texmf-dist/tex/latex/polyglossia/babelsh.def
File: babelsh.def 2022/06/21 Babel common definitions for shorthands
 Taken verbatim from babel files (2022/06/06 v3.76)
)
Package babel Info: Making " an active character on input line 120.
)

Package polyglossia Info: Default language is russian


(c:/texlive/2025/texmf-dist/tex/latex/polyglossia/gloss-english.ldf
File: gloss-english.ldf polyglossia: module for English
)
(c:/texlive/2025/texmf-dist/tex/latex/unicode-math/unicode-math.sty
Package: unicode-math 2023/08/13 v0.8r Unicode maths in XeLaTeX and LuaLaTeX

(c:/texlive/2025/texmf-dist/tex/latex/unicode-math/unicode-math-xetex.sty
Package: unicode-math-xetex 2023/08/13 v0.8r Unicode maths in XeLaTeX and LuaLa
TeX

(c:/texlive/2025/texmf-dist/tex/latex/l3packages/l3keys2e/l3keys2e.sty
Package: l3keys2e 2024-08-16 LaTeX2e option processing using LaTeX3 keys
)
(c:/texlive/2025/texmf-dist/tex/latex/base/fix-cm.sty
Package: fix-cm 2020/11/24 v1.1t fixes to LaTeX

(c:/texlive/2025/texmf-dist/tex/latex/base/ts1enc.def
File: ts1enc.def 2001/06/05 v3.0e (jk/car/fm) Standard LaTeX file
LaTeX Font Info:    Redeclaring font encoding TS1 on input line 47.
LaTeX Encoding Info:    Redeclaring text command \capitalcedilla (encoding TS1)
 on input line 49.
LaTeX Encoding Info:    Redeclaring text command \capitalogonek (encoding TS1) 
on input line 52.
LaTeX Encoding Info:    Redeclaring text command \capitalgrave (encoding TS1) o
n input line 55.
LaTeX Encoding Info:    Redeclaring text command \capitalacute (encoding TS1) o
n input line 56.
LaTeX Encoding Info:    Redeclaring text command \capitalcircumflex (encoding T
S1) on input line 57.
LaTeX Encoding Info:    Redeclaring text command \capitaltilde (encoding TS1) o
n input line 58.
LaTeX Encoding Info:    Redeclaring text command \capitaldieresis (encoding TS1
) on input line 59.
LaTeX Encoding Info:    Redeclaring text command \capitalhungarumlaut (encoding
 TS1) on input line 60.
LaTeX Encoding Info:    Redeclaring text command \capitalring (encoding TS1) on
 input line 61.
LaTeX Encoding Info:    Redeclaring text command \capitalcaron (encoding TS1) o
n input line 62.
LaTeX Encoding Info:    Redeclaring text command \capitalbreve (encoding TS1) o
n input line 63.
LaTeX Encoding Info:    Redeclaring text command \capitalmacron (encoding TS1) 
on input line 64.
LaTeX Encoding Info:    Redeclaring text command \capitaldotaccent (encoding TS
1) on input line 65.
LaTeX Encoding Info:    Redeclaring text command \t (encoding TS1) on input lin
e 66.
LaTeX Encoding Info:    Redeclaring text command \capitaltie (encoding TS1) on 
input line 67.
LaTeX Encoding Info:    Redeclaring text command \newtie (encoding TS1) on inpu
t line 68.
LaTeX Encoding Info:    Redeclaring text command \capitalnewtie (encoding TS1) 
on input line 69.
LaTeX Encoding Info:    Redeclaring text symbol \textcapitalcompwordmark (encod
ing TS1) on input line 70.
LaTeX Encoding Info:    Redeclaring text symbol \textascendercompwordmark (enco
ding TS1) on input line 71.
LaTeX Encoding Info:    Redeclaring text symbol \textquotestraightbase (encodin
g TS1) on input line 72.
LaTeX Encoding Info:    Redeclaring text symbol \textquotestraightdblbase (enco
ding TS1) on input line 73.
LaTeX Encoding Info:    Redeclaring text symbol \texttwelveudash (encoding TS1)
 on input line 74.
LaTeX Encoding Info:    Redeclaring text symbol \textthreequartersemdash (encod
ing TS1) on input line 75.
LaTeX Encoding Info:    Redeclaring text symbol \textleftarrow (encoding TS1) o
n input line 76.
LaTeX Encoding Info:    Redeclaring text symbol \textrightarrow (encoding TS1) 
on input line 77.
LaTeX Encoding Info:    Redeclaring text symbol \textblank (encoding TS1) on in
put line 78.
LaTeX Encoding Info:    Redeclaring text symbol \textdollar (encoding TS1) on i
nput line 79.
LaTeX Encoding Info:    Redeclaring text symbol \textquotesingle (encoding TS1)
 on input line 80.
LaTeX Encoding Info:    Redeclaring text command \textasteriskcentered (encodin
g TS1) on input line 81.
LaTeX Encoding Info:    Redeclaring text symbol \textdblhyphen (encoding TS1) o
n input line 92.
LaTeX Encoding Info:    Redeclaring text symbol \textfractionsolidus (encoding 
TS1) on input line 93.
LaTeX Encoding Info:    Redeclaring text symbol \textzerooldstyle (encoding TS1
) on input line 94.
LaTeX Encoding Info:    Redeclaring text symbol \textoneoldstyle (encoding TS1)
 on input line 95.
LaTeX Encoding Info:    Redeclaring text symbol \texttwooldstyle (encoding TS1)
 on input line 96.
LaTeX Encoding Info:    Redeclaring text symbol \textthreeoldstyle (encoding TS
1) on input line 97.
LaTeX Encoding Info:    Redeclaring text symbol \textfouroldstyle (encoding TS1
) on input line 98.
LaTeX Encoding Info:    Redeclaring text symbol \textfiveoldstyle (encoding TS1
) on input line 99.
LaTeX Encoding Info:    Redeclaring text symbol \textsixoldstyle (encoding TS1)
 on input line 100.
LaTeX Encoding Info:    Redeclaring text symbol \textsevenoldstyle (encoding TS
1) on input line 101.
LaTeX Encoding Info:    Redeclaring text symbol \texteightoldstyle (encoding TS
1) on input line 102.
LaTeX Encoding Info:    Redeclaring text symbol \textnineoldstyle (encoding TS1
) on input line 103.
LaTeX Encoding Info:    Redeclaring text symbol \textlangle (encoding TS1) on i
nput line 104.
LaTeX Encoding Info:    Redeclaring text symbol \textminus (encoding TS1) on in
put line 105.
LaTeX Encoding Info:    Redeclaring text symbol \textrangle (encoding TS1) on i
nput line 106.
LaTeX Encoding Info:    Redeclaring text symbol \textmho (encoding TS1) on inpu
t line 107.
LaTeX Encoding Info:    Redeclaring text symbol \textbigcircle (encoding TS1) o
n input line 108.
LaTeX Encoding Info:    Redeclaring text command \textcircled (encoding TS1) on
 input line 109.
LaTeX Encoding Info:    Redeclaring text symbol \textohm (encoding TS1) on inpu
t line 115.
LaTeX Encoding Info:    Redeclaring text symbol \textlbrackdbl (encoding TS1) o
n input line 116.
LaTeX Encoding Info:    Redeclaring text symbol \textrbrackdbl (encoding TS1) o
n input line 117.
LaTeX Encoding Info:    Redeclaring text symbol \textuparrow (encoding TS1) on 
input line 118.
LaTeX Encoding Info:    Redeclaring text symbol \textdownarrow (encoding TS1) o
n input line 119.
LaTeX Encoding Info:    Redeclaring text symbol \textasciigrave (encoding TS1) 
on input line 120.
LaTeX Encoding Info:    Redeclaring text symbol \textborn (encoding TS1) on inp
ut line 121.
LaTeX Encoding Info:    Redeclaring text symbol \textdivorced (encoding TS1) on
 input line 122.
LaTeX Encoding Info:    Redeclaring text symbol \textdied (encoding TS1) on inp
ut line 123.
LaTeX Encoding Info:    Redeclaring text symbol \textleaf (encoding TS1) on inp
ut line 124.
LaTeX Encoding Info:    Redeclaring text symbol \textmarried (encoding TS1) on 
input line 125.
LaTeX Encoding Info:    Redeclaring text symbol \textmusicalnote (encoding TS1)
 on input line 126.
LaTeX Encoding Info:    Redeclaring text symbol \texttildelow (encoding TS1) on
 input line 127.
LaTeX Encoding Info:    Redeclaring text symbol \textdblhyphenchar (encoding TS
1) on input line 128.
LaTeX Encoding Info:    Redeclaring text symbol \textasciibreve (encoding TS1) 
on input line 129.
LaTeX Encoding Info:    Redeclaring text symbol \textasciicaron (encoding TS1) 
on input line 130.
LaTeX Encoding Info:    Redeclaring text symbol \textacutedbl (encoding TS1) on
 input line 131.
LaTeX Encoding Info:    Redeclaring text symbol \textgravedbl (encoding TS1) on
 input line 132.
LaTeX Encoding Info:    Redeclaring text symbol \textdagger (encoding TS1) on i
nput line 133.
LaTeX Encoding Info:    Redeclaring text symbol \textdaggerdbl (encoding TS1) o
n input line 134.
LaTeX Encoding Info:    Redeclaring text symbol \textbardbl (encoding TS1) on i
nput line 135.
LaTeX Encoding Info:    Redeclaring text symbol \textperthousand (encoding TS1)
 on input line 136.
LaTeX Encoding Info:    Redeclaring text symbol \textbullet (encoding TS1) on i
nput line 137.
LaTeX Encoding Info:    Redeclaring text symbol \textcelsius (encoding TS1) on 
input line 138.
LaTeX Encoding Info:    Redeclaring text symbol \textdollaroldstyle (encoding T
S1) on input line 139.
LaTeX Encoding Info:    Redeclaring text symbol \textcentoldstyle (encoding TS1
) on input line 140.
LaTeX Encoding Info:    Redeclaring text symbol \textflorin (encoding TS1) on i
nput line 141.
LaTeX Encoding Info:    Redeclaring text symbol \textcolonmonetary (encoding TS
1) on input line 142.
LaTeX Encoding Info:    Redeclaring text symbol \textwon (encoding TS1) on inpu
t line 143.
LaTeX Encoding Info:    Redeclaring text symbol \textnaira (encoding TS1) on in
put line 144.
LaTeX Encoding Info:    Redeclaring text symbol \textguarani (encoding TS1) on 
input line 145.
LaTeX Encoding Info:    Redeclaring text symbol \textpeso (encoding TS1) on inp
ut line 146.
LaTeX Encoding Info:    Redeclaring text symbol \textlira (encoding TS1) on inp
ut line 147.
LaTeX Encoding Info:    Redeclaring text symbol \textrecipe (encoding TS1) on i
nput line 148.
LaTeX Encoding Info:    Redeclaring text symbol \textinterrobang (encoding TS1)
 on input line 149.
LaTeX Encoding Info:    Redeclaring text symbol \textinterrobangdown (encoding 
TS1) on input line 150.
LaTeX Encoding Info:    Redeclaring text symbol \textdong (encoding TS1) on inp
ut line 151.
LaTeX Encoding Info:    Redeclaring text symbol \texttrademark (encoding TS1) o
n input line 152.
LaTeX Encoding Info:    Redeclaring text symbol \textpertenthousand (encoding T
S1) on input line 153.
LaTeX Encoding Info:    Redeclaring text symbol \textpilcrow (encoding TS1) on 
input line 154.
LaTeX Encoding Info:    Redeclaring text symbol \textbaht (encoding TS1) on inp
ut line 155.
LaTeX Encoding Info:    Redeclaring text symbol \textnumero (encoding TS1) on i
nput line 156.
LaTeX Encoding Info:    Redeclaring text symbol \textdiscount (encoding TS1) on
 input line 157.
LaTeX Encoding Info:    Redeclaring text symbol \textestimated (encoding TS1) o
n input line 158.
LaTeX Encoding Info:    Redeclaring text symbol \textopenbullet (encoding TS1) 
on input line 159.
LaTeX Encoding Info:    Redeclaring text symbol \textservicemark (encoding TS1)
 on input line 160.
LaTeX Encoding Info:    Redeclaring text symbol \textlquill (encoding TS1) on i
nput line 161.
LaTeX Encoding Info:    Redeclaring text symbol \textrquill (encoding TS1) on i
nput line 162.
LaTeX Encoding Info:    Redeclaring text symbol \textcent (encoding TS1) on inp
ut line 163.
LaTeX Encoding Info:    Redeclaring text symbol \textsterling (encoding TS1) on
 input line 164.
LaTeX Encoding Info:    Redeclaring text symbol \textcurrency (encoding TS1) on
 input line 165.
LaTeX Encoding Info:    Redeclaring text symbol \textyen (encoding TS1) on inpu
t line 166.
LaTeX Encoding Info:    Redeclaring text symbol \textbrokenbar (encoding TS1) o
n input line 167.
LaTeX Encoding Info:    Redeclaring text symbol \textsection (encoding TS1) on 
input line 168.
LaTeX Encoding Info:    Redeclaring text symbol \textasciidieresis (encoding TS
1) on input line 169.
LaTeX Encoding Info:    Redeclaring text symbol \textcopyright (encoding TS1) o
n input line 170.
LaTeX Encoding Info:    Redeclaring text symbol \textordfeminine (encoding TS1)
 on input line 171.
LaTeX Encoding Info:    Redeclaring text symbol \textcopyleft (encoding TS1) on
 input line 172.
LaTeX Encoding Info:    Redeclaring text symbol \textlnot (encoding TS1) on inp
ut line 173.
LaTeX Encoding Info:    Redeclaring text symbol \textcircledP (encoding TS1) on
 input line 174.
LaTeX Encoding Info:    Redeclaring text symbol \textregistered (encoding TS1) 
on input line 175.
LaTeX Encoding Info:    Redeclaring text symbol \textasciimacron (encoding TS1)
 on input line 176.
LaTeX Encoding Info:    Redeclaring text symbol \textdegree (encoding TS1) on i
nput line 177.
LaTeX Encoding Info:    Redeclaring text symbol \textpm (encoding TS1) on input
 line 178.
LaTeX Encoding Info:    Redeclaring text symbol \texttwosuperior (encoding TS1)
 on input line 179.
LaTeX Encoding Info:    Redeclaring text symbol \textthreesuperior (encoding TS
1) on input line 180.
LaTeX Encoding Info:    Redeclaring text symbol \textasciiacute (encoding TS1) 
on input line 181.
LaTeX Encoding Info:    Redeclaring text symbol \textmu (encoding TS1) on input
 line 182.
LaTeX Encoding Info:    Redeclaring text symbol \textparagraph (encoding TS1) o
n input line 183.
LaTeX Encoding Info:    Redeclaring text symbol \textperiodcentered (encoding T
S1) on input line 184.
LaTeX Encoding Info:    Redeclaring text symbol \textreferencemark (encoding TS
1) on input line 185.
LaTeX Encoding Info:    Redeclaring text symbol \textonesuperior (encoding TS1)
 on input line 186.
LaTeX Encoding Info:    Redeclaring text symbol \textordmasculine (encoding TS1
) on input line 187.
LaTeX Encoding Info:    Redeclaring text symbol \textsurd (encoding TS1) on inp
ut line 188.
LaTeX Encoding Info:    Redeclaring text symbol \textonequarter (encoding TS1) 
on input line 189.
LaTeX Encoding Info:    Redeclaring text symbol \textonehalf (encoding TS1) on 
input line 190.
LaTeX Encoding Info:    Redeclaring text symbol \textthreequarters (encoding TS
1) on input line 191.
LaTeX Encoding Info:    Redeclaring text symbol \texteuro (encoding TS1) on inp
ut line 192.
LaTeX Encoding Info:    Redeclaring text symbol \texttimes (encoding TS1) on in
put line 193.
LaTeX Encoding Info:    Redeclaring text symbol \textdiv (encoding TS1) on inpu
t line 194.
))
(c:/texlive/2025/texmf-dist/tex/latex/amsmath/amsmath.sty
Package: amsmath 2025/06/16 v2.17y AMS math features
\@mathmargin=\skip51

For additional information on amsmath, use the `?' option.
(c:/texlive/2025/texmf-dist/tex/latex/amsmath/amstext.sty
Package: amstext 2024/11/17 v2.01 AMS text

(c:/texlive/2025/texmf-dist/tex/latex/amsmath/amsgen.sty
File: amsgen.sty 1999/11/30 v2.0 generic functions
\@emptytoks=\toks17
\ex@=\dimen152
))
(c:/texlive/2025/texmf-dist/tex/latex/amsmath/amsbsy.sty
Package: amsbsy 1999/11/29 v1.2d Bold Symbols
\pmbraise@=\dimen153
)
(c:/texlive/2025/texmf-dist/tex/latex/amsmath/amsopn.sty
Package: amsopn 2022/04/08 v2.04 operator names
)
\inf@bad=\count295
LaTeX Info: Redefining \frac on input line 233.
\uproot@=\count296
\leftroot@=\count297
LaTeX Info: Redefining \overline on input line 398.
LaTeX Info: Redefining \colon on input line 409.
\classnum@=\count298
\DOTSCASE@=\count299
LaTeX Info: Redefining \ldots on input line 495.
LaTeX Info: Redefining \dots on input line 498.
LaTeX Info: Redefining \cdots on input line 619.
\Mathstrutbox@=\box53
\strutbox@=\box54
LaTeX Info: Redefining \big on input line 721.
LaTeX Info: Redefining \Big on input line 722.
LaTeX Info: Redefining \bigg on input line 723.
LaTeX Info: Redefining \Bigg on input line 724.
\big@size=\dimen154
LaTeX Font Info:    Redeclaring font encoding OML on input line 742.
LaTeX Font Info:    Redeclaring font encoding OMS on input line 743.
\macc@depth=\count300
LaTeX Info: Redefining \bmod on input line 904.
LaTeX Info: Redefining \pmod on input line 909.
LaTeX Info: Redefining \smash on input line 939.
LaTeX Info: Redefining \relbar on input line 969.
LaTeX Info: Redefining \Relbar on input line 970.
\c@MaxMatrixCols=\count301
\dotsspace@=\muskip17
\c@parentequation=\count302
\dspbrk@lvl=\count303
\tag@help=\toks18
\row@=\count304
\column@=\count305
\maxfields@=\count306
\andhelp@=\toks19
\eqnshift@=\dimen155
\alignsep@=\dimen156
\tagshift@=\dimen157
\tagwidth@=\dimen158
\totwidth@=\dimen159
\lineht@=\dimen160
\@envbody=\toks20
\multlinegap=\skip52
\multlinetaggap=\skip53
\mathdisplay@stack=\toks21
LaTeX Info: Redefining \[ on input line 2949.
LaTeX Info: Redefining \] on input line 2950.
)
\g__um_fam_int=\count307
\g__um_fonts_used_int=\count308
\l__um_primecount_int=\count309
\g__um_primekern_muskip=\muskip18

(c:/texlive/2025/texmf-dist/tex/latex/unicode-math/unicode-math-table.tex)))

Package fontspec Info: 
(fontspec)             IBM Plex Serif scale = 0.94.


Package fontspec Info: 
(fontspec)             IBM Plex Serif scale = 0.94.


Package fontspec Info: 
(fontspec)             IBM Plex Serif/B scale = 0.94.


Package fontspec Info: 
(fontspec)             IBM Plex Serif/I scale = 0.94.


Package fontspec Info: 
(fontspec)             IBM Plex Serif/BI scale = 0.94.


Package fontspec Info: 
(fontspec)             Font family 'IBMPlexSerif(0)' created for font 'IBM
(fontspec)             Plex Serif' with options
(fontspec)             [Ligatures=TeX,Ligatures={Common,TeX},Scale=0.94].
(fontspec)              
(fontspec)              This font family consists of the following NFSS
(fontspec)             series/shapes:
(fontspec)              
(fontspec)             - 'normal' (m/n) with NFSS spec.: <->s*[0.94]"IBM Plex
(fontspec)             Serif/OT:script=latn;language=dflt;+liga;mapping=tex-tex
t;"
(fontspec)             - 'bold' (b/n) with NFSS spec.: <->s*[0.94]"IBM Plex
(fontspec)             Serif/B/OT:script=latn;language=dflt;+liga;mapping=tex-t
ext;"
(fontspec)             - 'italic' (m/it) with NFSS spec.: <->s*[0.94]"IBM Plex
(fontspec)             Serif/I/OT:script=latn;language=dflt;+liga;mapping=tex-t
ext;"
(fontspec)             - 'bold italic' (b/it) with NFSS spec.: <->s*[0.94]"IBM
(fontspec)             Plex
(fontspec)             Serif/BI/OT:script=latn;language=dflt;+liga;mapping=tex-
text;"


Package fontspec Info: 
(fontspec)             IBM Plex Serif scale = 0.94.


Package fontspec Info: 
(fontspec)             IBM Plex Serif scale = 0.94.


Package fontspec Info: 
(fontspec)             IBM Plex Serif/B scale = 0.94.


Package fontspec Info: 
(fontspec)             IBM Plex Serif/I scale = 0.94.


Package fontspec Info: 
(fontspec)             IBM Plex Serif/BI scale = 0.94.


Package fontspec Info: 
(fontspec)             Font family 'IBMPlexSerif(1)' created for font 'IBM
(fontspec)             Plex Serif' with options
(fontspec)             [Ligatures={Common,TeX},Scale=0.94].
(fontspec)              
(fontspec)              This font family consists of the following NFSS
(fontspec)             series/shapes:
(fontspec)              
(fontspec)             - 'normal' (m/n) with NFSS spec.: <->s*[0.94]"IBM Plex
(fontspec)             Serif/OT:script=latn;language=dflt;+liga;mapping=tex-tex
t;"
(fontspec)             - 'bold' (b/n) with NFSS spec.: <->s*[0.94]"IBM Plex
(fontspec)             Serif/B/OT:script=latn;language=dflt;+liga;mapping=tex-t
ext;"
(fontspec)             - 'italic' (m/it) with NFSS spec.: <->s*[0.94]"IBM Plex
(fontspec)             Serif/I/OT:script=latn;language=dflt;+liga;mapping=tex-t
ext;"
(fontspec)             - 'bold italic' (b/it) with NFSS spec.: <->s*[0.94]"IBM
(fontspec)             Plex
(fontspec)             Serif/BI/OT:script=latn;language=dflt;+liga;mapping=tex-
text;"

LaTeX Font Info:    Overwriting math alphabet `\mathrm' in version `normal'
(Font)                  OT1/cmr/m/n --> TU/IBMPlexSerif(1)/m/n on input line 12
.
LaTeX Font Info:    Overwriting math alphabet `\mathit' in version `normal'
(Font)                  OT1/cmr/m/it --> TU/IBMPlexSerif(1)/m/it on input line 
12.
LaTeX Font Info:    Overwriting math alphabet `\mathbf' in version `normal'
(Font)                  OT1/cmr/bx/n --> TU/IBMPlexSerif(1)/b/n on input line 1
2.
LaTeX Font Info:    Font shape `TU/IBMPlexSerif(0)/m/n' will be
(Font)              scaled to size 9.40002pt on input line 12.

Package fontspec Info: 
(fontspec)             IBM Plex Serif scale = 0.94.


Package fontspec Info: 
(fontspec)             IBM Plex Sans scale = 0.9400000591423762.


Package fontspec Info: 
(fontspec)             IBM Plex Sans scale = 0.94.


Package fontspec Info: 
(fontspec)             IBM Plex Sans scale = 0.9400000591423762.


Package fontspec Info: 
(fontspec)             IBM Plex Sans scale = 0.94.


Package fontspec Info: 
(fontspec)             IBM Plex Sans/B scale = 0.9238864749393283.


Package fontspec Info: 
(fontspec)             IBM Plex Sans/B scale = 0.94.


Package fontspec Info: 
(fontspec)             IBM Plex Sans/I scale = 0.9400000591423762.


Package fontspec Info: 
(fontspec)             IBM Plex Sans/I scale = 0.94.


Package fontspec Info: 
(fontspec)             IBM Plex Sans/BI scale = 0.9238864749393283.


Package fontspec Info: 
(fontspec)             IBM Plex Sans/BI scale = 0.94.


Package fontspec Info: 
(fontspec)             Font family 'IBMPlexSans(0)' created for font 'IBM Plex
(fontspec)             Sans' with options
(fontspec)             [Ligatures=TeX,Ligatures={Common,TeX},Scale=MatchLowerca
se,Scale=0.94].
(fontspec)              
(fontspec)              This font family consists of the following NFSS
(fontspec)             series/shapes:
(fontspec)              
(fontspec)             - 'normal' (m/n) with NFSS spec.: <->s*[0.94]"IBM Plex
(fontspec)             Sans/OT:script=latn;language=dflt;+liga;mapping=tex-text
;"
(fontspec)             - 'bold' (b/n) with NFSS spec.: <->s*[0.94]"IBM Plex
(fontspec)             Sans/B/OT:script=latn;language=dflt;+liga;mapping=tex-te
xt;"
(fontspec)             - 'italic' (m/it) with NFSS spec.: <->s*[0.94]"IBM Plex
(fontspec)             Sans/I/OT:script=latn;language=dflt;+liga;mapping=tex-te
xt;"
(fontspec)             - 'bold italic' (b/it) with NFSS spec.: <->s*[0.94]"IBM
(fontspec)             Plex
(fontspec)             Sans/BI/OT:script=latn;language=dflt;+liga;mapping=tex-t
ext;"


Package fontspec Info: 
(fontspec)             IBM Plex Sans scale = 0.9400000591423762.


Package fontspec Info: 
(fontspec)             IBM Plex Sans scale = 0.94.


Package fontspec Info: 
(fontspec)             IBM Plex Sans scale = 0.9400000591423762.


Package fontspec Info: 
(fontspec)             IBM Plex Sans scale = 0.94.


Package fontspec Info: 
(fontspec)             IBM Plex Sans/B scale = 0.9238864749393283.


Package fontspec Info: 
(fontspec)             IBM Plex Sans/B scale = 0.94.


Package fontspec Info: 
(fontspec)             IBM Plex Sans/I scale = 0.9400000591423762.


Package fontspec Info: 
(fontspec)             IBM Plex Sans/I scale = 0.94.


Package fontspec Info: 
(fontspec)             IBM Plex Sans/BI scale = 0.9238864749393283.


Package fontspec Info: 
(fontspec)             IBM Plex Sans/BI scale = 0.94.


Package fontspec Info: 
(fontspec)             Font family 'IBMPlexSans(1)' created for font 'IBM Plex
(fontspec)             Sans' with options
(fontspec)             [Ligatures={Common,TeX},Scale=MatchLowercase,Scale=0.94]
.
(fontspec)              
(fontspec)              This font family consists of the following NFSS
(fontspec)             series/shapes:
(fontspec)              
(fontspec)             - 'normal' (m/n) with NFSS spec.: <->s*[0.94]"IBM Plex
(fontspec)             Sans/OT:script=latn;language=dflt;+liga;mapping=tex-text
;"
(fontspec)             - 'bold' (b/n) with NFSS spec.: <->s*[0.94]"IBM Plex
(fontspec)             Sans/B/OT:script=latn;language=dflt;+liga;mapping=tex-te
xt;"
(fontspec)             - 'italic' (m/it) with NFSS spec.: <->s*[0.94]"IBM Plex
(fontspec)             Sans/I/OT:script=latn;language=dflt;+liga;mapping=tex-te
xt;"
(fontspec)             - 'bold italic' (b/it) with NFSS spec.: <->s*[0.94]"IBM
(fontspec)             Plex
(fontspec)             Sans/BI/OT:script=latn;language=dflt;+liga;mapping=tex-t
ext;"

LaTeX Font Info:    Overwriting math alphabet `\mathsf' in version `normal'
(Font)                  OT1/cmss/m/n --> TU/IBMPlexSans(1)/m/n on input line 14
.
LaTeX Font Info:    Overwriting math alphabet `\mathsf' in version `bold'
(Font)                  OT1/cmss/bx/n --> TU/IBMPlexSans(1)/b/n on input line 1
4.

Package fontspec Info: 
(fontspec)             IBM Plex Mono scale = 0.9400000591423762.


Package fontspec Info: 
(fontspec)             IBM Plex Mono scale = 0.94.


Package fontspec Info: 
(fontspec)             IBM Plex Mono scale = 0.9400000591423762.


Package fontspec Info: 
(fontspec)             IBM Plex Mono scale = 0.94.


Package fontspec Info: 
(fontspec)             IBM Plex Mono/B scale = 0.9400000591423762.


Package fontspec Info: 
(fontspec)             IBM Plex Mono/B scale = 0.94.


Package fontspec Info: 
(fontspec)             IBM Plex Mono/I scale = 0.9400000591423762.


Package fontspec Info: 
(fontspec)             IBM Plex Mono/I scale = 0.94.


Package fontspec Info: 
(fontspec)             IBM Plex Mono/BI scale = 0.9400000591423762.


Package fontspec Info: 
(fontspec)             IBM Plex Mono/BI scale = 0.94.


Package fontspec Info: 
(fontspec)             Font family 'IBMPlexMono(0)' created for font 'IBM Plex
(fontspec)             Mono' with options
(fontspec)             [WordSpace={1,0,0},HyphenChar=None,PunctuationSpace=Word
Space,Scale=MatchLowercase,Scale=0.94,FakeStretch=0.9].
(fontspec)              
(fontspec)              This font family consists of the following NFSS
(fontspec)             series/shapes:
(fontspec)              
(fontspec)             - 'normal' (m/n) with NFSS spec.: <->s*[0.94]"IBM Plex
(fontspec)             Mono/OT:script=latn;language=dflt;extend=0.9;"
(fontspec)             - 'bold' (b/n) with NFSS spec.: <->s*[0.94]"IBM Plex
(fontspec)             Mono/B/OT:script=latn;language=dflt;extend=0.9;"
(fontspec)             - 'italic' (m/it) with NFSS spec.: <->s*[0.94]"IBM Plex
(fontspec)             Mono/I/OT:script=latn;language=dflt;extend=0.9;"
(fontspec)             - 'bold italic' (b/it) with NFSS spec.: <->s*[0.94]"IBM
(fontspec)             Plex Mono/BI/OT:script=latn;language=dflt;extend=0.9;"


Package fontspec Info: 
(fontspec)             IBM Plex Mono scale = 0.9400000591423762.


Package fontspec Info: 
(fontspec)             IBM Plex Mono scale = 0.94.


Package fontspec Info: 
(fontspec)             IBM Plex Mono scale = 0.9400000591423762.


Package fontspec Info: 
(fontspec)             IBM Plex Mono scale = 0.94.


Package fontspec Info: 
(fontspec)             IBM Plex Mono/B scale = 0.9400000591423762.


Package fontspec Info: 
(fontspec)             IBM Plex Mono/B scale = 0.94.


Package fontspec Info: 
(fontspec)             IBM Plex Mono/I scale = 0.9400000591423762.


Package fontspec Info: 
(fontspec)             IBM Plex Mono/I scale = 0.94.


Package fontspec Info: 
(fontspec)             IBM Plex Mono/BI scale = 0.9400000591423762.


Package fontspec Info: 
(fontspec)             IBM Plex Mono/BI scale = 0.94.


Package fontspec Info: 
(fontspec)             Font family 'IBMPlexMono(1)' created for font 'IBM Plex
(fontspec)             Mono' with options
(fontspec)             [Scale=MatchLowercase,Scale=0.94,FakeStretch=0.9].
(fontspec)              
(fontspec)              This font family consists of the following NFSS
(fontspec)             series/shapes:
(fontspec)              
(fontspec)             - 'normal' (m/n) with NFSS spec.: <->s*[0.94]"IBM Plex
(fontspec)             Mono/OT:script=latn;language=dflt;extend=0.9;"
(fontspec)             - 'bold' (b/n) with NFSS spec.: <->s*[0.94]"IBM Plex
(fontspec)             Mono/B/OT:script=latn;language=dflt;extend=0.9;"
(fontspec)             - 'italic' (m/it) with NFSS spec.: <->s*[0.94]"IBM Plex
(fontspec)             Mono/I/OT:script=latn;language=dflt;extend=0.9;"
(fontspec)             - 'bold italic' (b/it) with NFSS spec.: <->s*[0.94]"IBM
(fontspec)             Plex Mono/BI/OT:script=latn;language=dflt;extend=0.9;"

LaTeX Font Info:    Overwriting math alphabet `\mathtt' in version `normal'
(Font)                  OT1/cmtt/m/n --> TU/IBMPlexMono(1)/m/n on input line 15
.
LaTeX Font Info:    Overwriting math alphabet `\mathtt' in version `bold'
(Font)                  OT1/cmtt/m/n --> TU/IBMPlexMono(1)/b/n on input line 15
.

Package fontspec Info: 
(fontspec)             Could not resolve font "STIX Two Math/B" (it probably
(fontspec)             doesn't exist).


Package fontspec Info: 
(fontspec)             Font family 'STIXTwoMath(0)' created for font 'STIX Two
(fontspec)             Math' with options
(fontspec)             [BoldItalicFont={},ItalicFont={},SmallCapsFont={},Script
=Math].
(fontspec)              
(fontspec)              This font family consists of the following NFSS
(fontspec)             series/shapes:
(fontspec)              
(fontspec)             - 'normal' (m/n) with NFSS spec.: <->"STIX Two
(fontspec)             Math/OT:script=math;language=dflt;"


Package fontspec Info: 
(fontspec)             Could not resolve font "STIX Two Math/B" (it probably
(fontspec)             doesn't exist).


Package fontspec Info: 
(fontspec)             Font family 'STIXTwoMath(1)' created for font 'STIX Two
(fontspec)             Math' with options
(fontspec)             [BoldItalicFont={},ItalicFont={},SmallCapsFont={},Script
=Math,SizeFeatures={{Size=8.5-},{Size=6.25-8.5,Font=STIX
(fontspec)             Two Math,Style=MathScript},{Size=-6.25,Font=STIX Two
(fontspec)             Math,Style=MathScriptScript}}].
(fontspec)              
(fontspec)              This font family consists of the following NFSS
(fontspec)             series/shapes:
(fontspec)              
(fontspec)             - 'normal' (m/n) with NFSS spec.: <8.5->"STIX Two
(fontspec)             Math/OT:script=math;language=dflt;"<6.25-8.5>"STIX Two
(fontspec)             Math/OT:script=math;language=dflt;+ssty=0;"<-6.25>"STIX
(fontspec)             Two Math/OT:script=math;language=dflt;+ssty=1;"

LaTeX Font Info:    Encoding `OT1' has changed to `TU' for symbol font
(Font)              `operators' in the math version `normal' on input line 18.
LaTeX Font Info:    Overwriting symbol font `operators' in version `normal'
(Font)                  OT1/cmr/m/n --> TU/STIXTwoMath(1)/m/n on input line 18.

LaTeX Font Info:    Encoding `OT1' has changed to `TU' for symbol font
(Font)              `operators' in the math version `bold' on input line 18.
LaTeX Font Info:    Overwriting symbol font `operators' in version `bold'
(Font)                  OT1/cmr/bx/n --> TU/STIXTwoMath(1)/b/n on input line 18
.

Package fontspec Info: 
(fontspec)             STIX Two Math scale = 1.0001.


Package fontspec Info: 
(fontspec)             Could not resolve font "STIX Two Math/B" (it probably
(fontspec)             doesn't exist).


Package fontspec Info: 
(fontspec)             STIX Two Math scale = 1.0001.


Package fontspec Info: 
(fontspec)             STIX Two Math scale = 1.0001.


Package fontspec Info: 
(fontspec)             STIX Two Math scale = 1.0001.


Package fontspec Info: 
(fontspec)             Font family 'STIXTwoMath(2)' created for font 'STIX Two
(fontspec)             Math' with options
(fontspec)             [BoldItalicFont={},ItalicFont={},SmallCapsFont={},Script
=Math,SizeFeatures={{Size=8.5-},{Size=6.25-8.5,Font=STIX
(fontspec)             Two Math,Style=MathScript},{Size=-6.25,Font=STIX Two
(fontspec)             Math,Style=MathScriptScript}},ScaleAgain=1.0001,FontAdju
stment={\fontdimen
(fontspec)             8\font =6.4pt\relax \fontdimen 9\font =5.85pt\relax
(fontspec)             \fontdimen 10\font =4.7pt\relax \fontdimen 11\font
(fontspec)             =6.4pt\relax \fontdimen 12\font =5.85pt\relax
(fontspec)             \fontdimen 13\font =3.6pt\relax \fontdimen 14\font
(fontspec)             =3.6pt\relax \fontdimen 15\font =2.52pt\relax
(fontspec)             \fontdimen 16\font =2.1pt\relax \fontdimen 17\font
(fontspec)             =2.1pt\relax \fontdimen 18\font =2.3pt\relax \fontdimen
(fontspec)             19\font =1.6pt\relax \fontdimen 22\font =2.58pt\relax
(fontspec)             \fontdimen 20\font =0pt\relax \fontdimen 21\font
(fontspec)             =0pt\relax }].
(fontspec)              
(fontspec)              This font family consists of the following NFSS
(fontspec)             series/shapes:
(fontspec)              
(fontspec)             - 'normal' (m/n) with NFSS spec.: <8.5->s*[1.0001]"STIX
(fontspec)             Two
(fontspec)             Math/OT:script=math;language=dflt;"<6.25-8.5>s*[1.0001]"
STIX
(fontspec)             Two
(fontspec)             Math/OT:script=math;language=dflt;+ssty=0;"<-6.25>s*[1.0
001]"STIX
(fontspec)             Two Math/OT:script=math;language=dflt;+ssty=1;"

LaTeX Font Info:    Encoding `OMS' has changed to `TU' for symbol font
(Font)              `symbols' in the math version `normal' on input line 18.
LaTeX Font Info:    Overwriting symbol font `symbols' in version `normal'
(Font)                  OMS/cmsy/m/n --> TU/STIXTwoMath(2)/m/n on input line 18
.
LaTeX Font Info:    Encoding `OMS' has changed to `TU' for symbol font
(Font)              `symbols' in the math version `bold' on input line 18.
LaTeX Font Info:    Overwriting symbol font `symbols' in version `bold'
(Font)                  OMS/cmsy/b/n --> TU/STIXTwoMath(2)/b/n on input line 18
.

Package fontspec Info: 
(fontspec)             STIX Two Math scale = 0.9999.


Package fontspec Info: 
(fontspec)             Could not resolve font "STIX Two Math/B" (it probably
(fontspec)             doesn't exist).


Package fontspec Info: 
(fontspec)             STIX Two Math scale = 0.9999.


Package fontspec Info: 
(fontspec)             STIX Two Math scale = 0.9999.


Package fontspec Info: 
(fontspec)             STIX Two Math scale = 0.9999.


Package fontspec Info: 
(fontspec)             Font family 'STIXTwoMath(3)' created for font 'STIX Two
(fontspec)             Math' with options
(fontspec)             [BoldItalicFont={},ItalicFont={},SmallCapsFont={},Script
=Math,SizeFeatures={{Size=8.5-},{Size=6.25-8.5,Font=STIX
(fontspec)             Two Math,Style=MathScript},{Size=-6.25,Font=STIX Two
(fontspec)             Math,Style=MathScriptScript}},ScaleAgain=0.9999,FontAdju
stment={\fontdimen
(fontspec)             8\font =0.68pt\relax \fontdimen 9\font =1.35pt\relax
(fontspec)             \fontdimen 10\font =1.35pt\relax \fontdimen 11\font
(fontspec)             =3.0pt\relax \fontdimen 12\font =6.7pt\relax \fontdimen
(fontspec)             13\font =0pt\relax }].
(fontspec)              
(fontspec)              This font family consists of the following NFSS
(fontspec)             series/shapes:
(fontspec)              
(fontspec)             - 'normal' (m/n) with NFSS spec.: <8.5->s*[0.9999]"STIX
(fontspec)             Two
(fontspec)             Math/OT:script=math;language=dflt;"<6.25-8.5>s*[0.9999]"
STIX
(fontspec)             Two
(fontspec)             Math/OT:script=math;language=dflt;+ssty=0;"<-6.25>s*[0.9
999]"STIX
(fontspec)             Two Math/OT:script=math;language=dflt;+ssty=1;"

LaTeX Font Info:    Encoding `OMX' has changed to `TU' for symbol font
(Font)              `largesymbols' in the math version `normal' on input line 1
8.
LaTeX Font Info:    Overwriting symbol font `largesymbols' in version `normal'
(Font)                  OMX/cmex/m/n --> TU/STIXTwoMath(3)/m/n on input line 18
.
LaTeX Font Info:    Encoding `OMX' has changed to `TU' for symbol font
(Font)              `largesymbols' in the math version `bold' on input line 18.

LaTeX Font Info:    Overwriting symbol font `largesymbols' in version `bold'
(Font)                  OMX/cmex/m/n --> TU/STIXTwoMath(3)/b/n on input line 18
.

(c:/texlive/2025/texmf-dist/tex/latex/graphics/graphicx.sty
Package: graphicx 2024/12/31 v1.2e Enhanced LaTeX Graphics (DPC,SPQR)

(c:/texlive/2025/texmf-dist/tex/latex/graphics/keyval.sty
Package: keyval 2022/05/29 v1.15 key=value parser (DPC)
\KV@toks@=\toks22
)
(c:/texlive/2025/texmf-dist/tex/latex/graphics/graphics.sty
Package: graphics 2024/08/06 v1.4g Standard LaTeX Graphics (DPC,SPQR)

(c:/texlive/2025/texmf-dist/tex/latex/graphics/trig.sty
Package: trig 2023/12/02 v1.11 sin cos tan (DPC)
)
(c:/texlive/2025/texmf-dist/tex/latex/graphics-cfg/graphics.cfg
File: graphics.cfg 2016/06/04 v1.11 sample graphics configuration
)
Package graphics Info: Driver file: xetex.def on input line 106.

(c:/texlive/2025/texmf-dist/tex/latex/graphics-def/xetex.def
File: xetex.def 2022/09/22 v5.0n Graphics/color driver for xetex
))
\Gin@req@height=\dimen161
\Gin@req@width=\dimen162
)
(c:/texlive/2025/texmf-dist/tex/latex/float/float.sty
Package: float 2001/11/08 v1.3d Float enhancements (AL)
\c@float@type=\count310
\float@exts=\toks23
\float@box=\box55
\@float@everytoks=\toks24
\@floatcapt=\box56
)
(c:/texlive/2025/texmf-dist/tex/latex/hyperref/hyperref.sty
Package: hyperref 2025-07-12 v7.01o Hypertext links for LaTeX

(c:/texlive/2025/texmf-dist/tex/latex/kvsetkeys/kvsetkeys.sty
Package: kvsetkeys 2022-10-05 v1.19 Key value parser (HO)
)
(c:/texlive/2025/texmf-dist/tex/generic/kvdefinekeys/kvdefinekeys.sty
Package: kvdefinekeys 2019-12-19 v1.6 Define keys (HO)
)
(c:/texlive/2025/texmf-dist/tex/generic/pdfescape/pdfescape.sty
Package: pdfescape 2019/12/09 v1.15 Implements pdfTeX's escape features (HO)

(c:/texlive/2025/texmf-dist/tex/generic/ltxcmds/ltxcmds.sty
Package: ltxcmds 2023-12-04 v1.26 LaTeX kernel commands for general use (HO)
)
(c:/texlive/2025/texmf-dist/tex/generic/pdftexcmds/pdftexcmds.sty
Package: pdftexcmds 2020-06-27 v0.33 Utility functions of pdfTeX for LuaTeX (HO
)

(c:/texlive/2025/texmf-dist/tex/generic/infwarerr/infwarerr.sty
Package: infwarerr 2019/12/03 v1.5 Providing info/warning/error messages (HO)
)
Package pdftexcmds Info: \pdf@primitive is available.
Package pdftexcmds Info: \pdf@ifprimitive is available.
Package pdftexcmds Info: \pdfdraftmode not found.
))
(c:/texlive/2025/texmf-dist/tex/latex/hycolor/hycolor.sty
Package: hycolor 2020-01-27 v1.10 Color options for hyperref/bookmark (HO)
)
(c:/texlive/2025/texmf-dist/tex/latex/hyperref/nameref.sty
Package: nameref 2025-06-21 v2.57 Cross-referencing by name of section

(c:/texlive/2025/texmf-dist/tex/latex/refcount/refcount.sty
Package: refcount 2019/12/15 v3.6 Data extraction from label references (HO)
)
(c:/texlive/2025/texmf-dist/tex/generic/gettitlestring/gettitlestring.sty
Package: gettitlestring 2019/12/15 v1.6 Cleanup title references (HO)

(c:/texlive/2025/texmf-dist/tex/latex/kvoptions/kvoptions.sty
Package: kvoptions 2022-06-15 v3.15 Key value format for package options (HO)
))
\c@section@level=\count311
)
(c:/texlive/2025/texmf-dist/tex/generic/stringenc/stringenc.sty
Package: stringenc 2019/11/29 v1.12 Convert strings between diff. encodings (HO
)
)
\@linkdim=\dimen163
\Hy@linkcounter=\count312
\Hy@pagecounter=\count313

(c:/texlive/2025/texmf-dist/tex/latex/hyperref/pd1enc.def
File: pd1enc.def 2025-07-12 v7.01o Hyperref: PDFDocEncoding definition (HO)
)
(c:/texlive/2025/texmf-dist/tex/generic/intcalc/intcalc.sty
Package: intcalc 2019/12/15 v1.3 Expandable calculations with integers (HO)
)
\Hy@SavedSpaceFactor=\count314

(c:/texlive/2025/texmf-dist/tex/latex/hyperref/puenc.def
File: puenc.def 2025-07-12 v7.01o Hyperref: PDF Unicode definition (HO)
)
Package hyperref Info: Hyper figures OFF on input line 4195.
Package hyperref Info: Link nesting OFF on input line 4200.
Package hyperref Info: Hyper index ON on input line 4203.
Package hyperref Info: Plain pages OFF on input line 4210.
Package hyperref Info: Backreferencing OFF on input line 4215.
Package hyperref Info: Implicit mode ON; LaTeX internals redefined.
Package hyperref Info: Bookmarks ON on input line 4462.
\c@Hy@tempcnt=\count315

(c:/texlive/2025/texmf-dist/tex/latex/url/url.sty
\Urlmuskip=\muskip19
Package: url 2013/09/16  ver 3.4  Verb mode for urls, etc.
)
LaTeX Info: Redefining \url on input line 4801.
\XeTeXLinkMargin=\dimen164

(c:/texlive/2025/texmf-dist/tex/generic/bitset/bitset.sty
Package: bitset 2019/12/09 v1.3 Handle bit-vector datatype (HO)

(c:/texlive/2025/texmf-dist/tex/generic/bigintcalc/bigintcalc.sty
Package: bigintcalc 2019/12/15 v1.5 Expandable calculations on big integers (HO
)
))
\Fld@menulength=\count316
\Field@Width=\dimen165
\Fld@charsize=\dimen166
Package hyperref Info: Hyper figures OFF on input line 6078.
Package hyperref Info: Link nesting OFF on input line 6083.
Package hyperref Info: Hyper index ON on input line 6086.
Package hyperref Info: backreferencing OFF on input line 6093.
Package hyperref Info: Link coloring OFF on input line 6098.
Package hyperref Info: Link coloring with OCG OFF on input line 6103.
Package hyperref Info: PDF/A mode OFF on input line 6108.
\Hy@abspage=\count317
\c@Item=\count318
\c@Hfootnote=\count319
)
Package hyperref Info: Driver (autodetected): hxetex.

(c:/texlive/2025/texmf-dist/tex/latex/hyperref/hxetex.def
File: hxetex.def 2025-07-12 v7.01o Hyperref driver for XeTeX
\pdfm@box=\box57
\c@Hy@AnnotLevel=\count320
\HyField@AnnotCount=\count321
\Fld@listcount=\count322
\c@bookmark@seq@number=\count323

(c:/texlive/2025/texmf-dist/tex/latex/rerunfilecheck/rerunfilecheck.sty
Package: rerunfilecheck 2025-06-21 v1.11 Rerun checks for auxiliary files (HO)

(c:/texlive/2025/texmf-dist/tex/generic/uniquecounter/uniquecounter.sty
Package: uniquecounter 2019/12/15 v1.4 Provide unlimited unique counter (HO)
)
Package uniquecounter Info: New unique counter `rerunfilecheck' on input line 2
84.
)
\Hy@SectionHShift=\skip54
)

Package fontspec Info: 
(fontspec)             IBM Plex Serif scale = 0.94.


Package fontspec Info: 
(fontspec)             IBM Plex Serif scale = 0.94.


Package fontspec Info: 
(fontspec)             IBM Plex Serif/B scale = 0.94.


Package fontspec Info: 
(fontspec)             IBM Plex Serif/I scale = 0.94.


Package fontspec Info: 
(fontspec)             IBM Plex Serif/BI scale = 0.94.


Package fontspec Info: 
(fontspec)             Font family 'IBMPlexSerif(2)' created for font 'IBM
(fontspec)             Plex Serif' with options
(fontspec)             [Ligatures=TeX,Ligatures={Common,TeX},Scale=0.94,Script=
Cyrillic].
(fontspec)              
(fontspec)              This font family consists of the following NFSS
(fontspec)             series/shapes:
(fontspec)              
(fontspec)             - 'normal' (m/n) with NFSS spec.: <->s*[0.94]"IBM Plex
(fontspec)             Serif/OT:script=cyrl;language=dflt;+liga;mapping=tex-tex
t;"
(fontspec)             - 'bold' (b/n) with NFSS spec.: <->s*[0.94]"IBM Plex
(fontspec)             Serif/B/OT:script=cyrl;language=dflt;+liga;mapping=tex-t
ext;"
(fontspec)             - 'italic' (m/it) with NFSS spec.: <->s*[0.94]"IBM Plex
(fontspec)             Serif/I/OT:script=cyrl;language=dflt;+liga;mapping=tex-t
ext;"
(fontspec)             - 'bold italic' (b/it) with NFSS spec.: <->s*[0.94]"IBM
(fontspec)             Plex
(fontspec)             Serif/BI/OT:script=cyrl;language=dflt;+liga;mapping=tex-
text;"

LaTeX Font Info:    Font shape `TU/IBMPlexSerif(2)/m/n' will be
(Font)              scaled to size 9.40002pt on input line 31.

(./report2_gabystrov.aux)
\openout1 = `report2_gabystrov.aux'.

LaTeX Font Info:    Checking defaults for OML/cmm/m/it on input line 31.
LaTeX Font Info:    ... okay on input line 31.
LaTeX Font Info:    Checking defaults for OMS/cmsy/m/n on input line 31.
LaTeX Font Info:    ... okay on input line 31.
LaTeX Font Info:    Checking defaults for OT1/cmr/m/n on input line 31.
LaTeX Font Info:    ... okay on input line 31.
LaTeX Font Info:    Checking defaults for T1/cmr/m/n on input line 31.
LaTeX Font Info:    ... okay on input line 31.
LaTeX Font Info:    Checking defaults for TS1/cmr/m/n on input line 31.
LaTeX Font Info:    ... okay on input line 31.
LaTeX Font Info:    Checking defaults for TU/lmr/m/n on input line 31.
LaTeX Font Info:    ... okay on input line 31.
LaTeX Font Info:    Checking defaults for OMX/cmex/m/n on input line 31.
LaTeX Font Info:    ... okay on input line 31.
LaTeX Font Info:    Checking defaults for U/cmr/m/n on input line 31.
LaTeX Font Info:    ... okay on input line 31.
LaTeX Font Info:    Checking defaults for PD1/pdf/m/n on input line 31.
LaTeX Font Info:    ... okay on input line 31.
LaTeX Font Info:    Checking defaults for PU/pdf/m/n on input line 31.
LaTeX Font Info:    ... okay on input line 31.
Package hyperref Info: Link coloring OFF on input line 31.
 (./report2_gabystrov.out) (./report2_gabystrov.out)
\@outlinefile=\write3
\openout3 = `report2_gabystrov.out'.


Package fontspec Info: 
(fontspec)             IBM Plex Serif scale = 0.94.

LaTeX Font Info:    Font shape `TU/IBMPlexSerif(2)/m/n' will be
(Font)              scaled to size 16.24324pt on input line 33.
LaTeX Font Info:    Font shape `TU/IBMPlexSerif(2)/m/n' will be
(Font)              scaled to size 11.28003pt on input line 33.
LaTeX Font Info:    Font shape `TU/STIXTwoMath(2)/m/n' will be
(Font)              scaled to size 12.00128pt on input line 33.
LaTeX Font Info:    Font shape `TU/STIXTwoMath(2)/m/n' will be
(Font)              scaled to size 8.00085pt on input line 33.
LaTeX Font Info:    Font shape `TU/STIXTwoMath(2)/m/n' will be
(Font)              scaled to size 6.00064pt on input line 33.
LaTeX Font Info:    Font shape `TU/STIXTwoMath(3)/m/n' will be
(Font)              scaled to size 11.99872pt on input line 33.
LaTeX Font Info:    Font shape `TU/STIXTwoMath(3)/m/n' will be
(Font)              scaled to size 7.99915pt on input line 33.
LaTeX Font Info:    Font shape `TU/STIXTwoMath(3)/m/n' will be
(Font)              scaled to size 5.99936pt on input line 33.



Package fontspec Info: 
(fontspec)             IBM Plex Serif scale = 0.94.


Package fontspec Info: 
(fontspec)             IBM Plex Serif scale = 0.94.

[1

]

Package fontspec Info: 
(fontspec)             IBM Plex Serif scale = 0.94.

LaTeX Font Info:    Font shape `TU/IBMPlexSerif(2)/m/n' will be
(Font)              scaled to size 13.53603pt on input line 35.
LaTeX Font Info:    Font shape `TU/IBMPlexSerif(2)/b/n' will be
(Font)              scaled to size 13.53603pt on input line 35.
LaTeX Font Info:    Font shape `TU/STIXTwoMath(2)/m/n' will be
(Font)              scaled to size 10.00107pt on input line 36.
LaTeX Font Info:    Font shape `TU/STIXTwoMath(2)/m/n' will be
(Font)              scaled to size 7.00075pt on input line 36.
LaTeX Font Info:    Font shape `TU/STIXTwoMath(2)/m/n' will be
(Font)              scaled to size 5.50058pt on input line 36.
LaTeX Font Info:    Font shape `TU/STIXTwoMath(3)/m/n' will be
(Font)              scaled to size 9.99893pt on input line 36.
LaTeX Font Info:    Font shape `TU/STIXTwoMath(3)/m/n' will be
(Font)              scaled to size 6.99925pt on input line 36.
LaTeX Font Info:    Font shape `TU/STIXTwoMath(3)/m/n' will be
(Font)              scaled to size 5.4994pt on input line 36.
LaTeX Font Info:    Font shape `TU/IBMPlexSerif(2)/m/n' will be
(Font)              scaled to size 6.58002pt on input line 36.

Package fontspec Info: 
(fontspec)             IBM Plex Serif scale = 0.94.

LaTeX Font Info:    Font shape `TU/IBMPlexMono(0)/m/n' will be
(Font)              scaled to size 9.40002pt on input line 37.

Package fontspec Info: 
(fontspec)             IBM Plex Mono scale = 0.9400000591423762.


Package fontspec Info: 
(fontspec)             IBM Plex Mono scale = 0.94.


Package fontspec Info: 
(fontspec)             IBM Plex Mono scale = 0.9400000591423762.


Package fontspec Info: 
(fontspec)             IBM Plex Mono scale = 0.94.


Package fontspec Info: 
(fontspec)             IBM Plex Mono/B scale = 0.9400000591423762.


Package fontspec Info: 
(fontspec)             IBM Plex Mono/B scale = 0.94.


Package fontspec Info: 
(fontspec)             IBM Plex Mono/I scale = 0.9400000591423762.


Package fontspec Info: 
(fontspec)             IBM Plex Mono/I scale = 0.94.


Package fontspec Info: 
(fontspec)             IBM Plex Mono/BI scale = 0.9400000591423762.


Package fontspec Info: 
(fontspec)             IBM Plex Mono/BI scale = 0.94.


Package fontspec Info: 
(fontspec)             Font family 'IBMPlexMono(2)' created for font 'IBM Plex
(fontspec)             Mono' with options
(fontspec)             [WordSpace={1,0,0},HyphenChar=None,PunctuationSpace=Word
Space,Scale=MatchLowercase,Scale=0.94,FakeStretch=0.9,Script=Cyrillic].
(fontspec)              
(fontspec)              This font family consists of the following NFSS
(fontspec)             series/shapes:
(fontspec)              
(fontspec)             - 'normal' (m/n) with NFSS spec.: <->s*[0.94]"IBM Plex
(fontspec)             Mono/OT:script=cyrl;language=dflt;extend=0.9;"
(fontspec)             - 'bold' (b/n) with NFSS spec.: <->s*[0.94]"IBM Plex
(fontspec)             Mono/B/OT:script=cyrl;language=dflt;extend=0.9;"
(fontspec)             - 'italic' (m/it) with NFSS spec.: <->s*[0.94]"IBM Plex
(fontspec)             Mono/I/OT:script=cyrl;language=dflt;extend=0.9;"
(fontspec)             - 'bold italic' (b/it) with NFSS spec.: <->s*[0.94]"IBM
(fontspec)             Plex Mono/BI/OT:script=cyrl;language=dflt;extend=0.9;"

LaTeX Font Info:    Font shape `TU/IBMPlexMono(2)/m/n' will be
(Font)              scaled to size 9.40002pt on input line 37.

Package fontspec Info: 
(fontspec)             IBM Plex Mono scale = 0.9400000591423762.


Package fontspec Info: 
(fontspec)             IBM Plex Mono scale = 0.94.


Overfull \hbox (6.8961pt too wide) in paragraph at lines 36--38
[]\TU/IBMPlexSerif(2)/m/n/10 Ознакомиться со структурой документа в L[]T[]X, на
учиться создавать про-
 []


Package fontspec Info: 
(fontspec)             IBM Plex Serif scale = 0.94.


Package fontspec Info: 
(fontspec)             IBM Plex Mono scale = 0.9400000591423762.


Package fontspec Info: 
(fontspec)             IBM Plex Mono scale = 0.94.


Package fontspec Info: 
(fontspec)             IBM Plex Serif scale = 0.94.


Package fontspec Info: 
(fontspec)             IBM Plex Serif scale = 0.94.

LaTeX Font Info:    Font shape `TU/IBMPlexSerif(2)/b/n' will be
(Font)              scaled to size 11.28003pt on input line 45.

Package fontspec Info: 
(fontspec)             IBM Plex Mono scale = 0.9400000591423762.


Package fontspec Info: 
(fontspec)             IBM Plex Mono scale = 0.94.


Package fontspec Info: 
(fontspec)             IBM Plex Serif scale = 0.94.

File: 1.png Graphic file (type bmp)
<1.png>

Package fontspec Info: 
(fontspec)             IBM Plex Serif scale = 0.94.


Package fontspec Info: 
(fontspec)             IBM Plex Mono scale = 0.9400000591423762.


Package fontspec Info: 
(fontspec)             IBM Plex Mono scale = 0.94.


Overfull \hbox (54.79315pt too wide) in paragraph at lines 57--59
[]\TU/IBMPlexSerif(2)/m/n/10 Документ скомпилирован в терминале командой \TU/IB
MPlexMono(2)/m/n/10 xelatex exercise_gabystrov.tex\TU/IBMPlexSerif(2)/m/n/10 .
 []


Package fontspec Info: 
(fontspec)             IBM Plex Serif scale = 0.94.

File: 2.png Graphic file (type bmp)
<2.png>

Package fontspec Info: 
(fontspec)             IBM Plex Mono scale = 0.9400000591423762.


Package fontspec Info: 
(fontspec)             IBM Plex Mono scale = 0.94.




Package fontspec Info: 
(fontspec)             IBM Plex Serif scale = 0.94.


Package fontspec Info: 
(fontspec)             IBM Plex Serif scale = 0.94.

[2]

Package fontspec Info: 
(fontspec)             IBM Plex Serif scale = 0.94.


Package fontspec Info: 
(fontspec)             IBM Plex Serif scale = 0.94.

File: 3.png Graphic file (type bmp)
<3.png>

Package fontspec Info: 
(fontspec)             IBM Plex Serif scale = 0.94.


Package fontspec Info: 
(fontspec)             IBM Plex Mono scale = 0.9400000591423762.


Package fontspec Info: 
(fontspec)             IBM Plex Mono scale = 0.94.




Package fontspec Info: 
(fontspec)             IBM Plex Serif scale = 0.94.


Package fontspec Info: 
(fontspec)             IBM Plex Serif scale = 0.94.

[3] (./report2_gabystrov.aux)
 ***********
LaTeX2e <2025-06-01> patch level 1
L3 programming layer <2025-09-02>
 ***********
Package rerunfilecheck Info: File `report2_gabystrov.out' has not changed.
(rerunfilecheck)             Checksum: D41D8CD98F00B204E9800998ECF8427E;0.
 ) 
Here is how much of TeX's memory you used:
 16320 strings out of 468438
 309855 string characters out of 5449141
 852448 words of memory out of 5000000
 44545 multiletter control sequences out of 15000+600000
 630535 words of font info for 129 fonts, out of 8000000 for 9000
 1348 hyphenation exceptions out of 8191
 87i,6n,117p,345b,483s stack positions out of 10000i,1000n,20000p,200000b,200000s

Output written on report2_gabystrov.pdf (3 pages).
